Starting Mock Server...
Host: 0.0.0.0
Port: 8080
Stubs Directory: /workspace/social-media-api/api-mock/stubs
Debug Mode: ON
CORS: ENABLED

Loaded 13 stub files:
  - 01-health-check.json
  - 02-auth-register.json
  - 03-auth-login.json
  - 04-auth-logout.json
  - 05-user-profile.json
  - 06-social-profiles-list.json
  - 07-social-profile-create.json
  - 08-social-profile-show.json
  - 09-social-profile-update.json
  - 10-social-profile-delete.json
  - 11-social-profiles-by-platform.json
  - 12-social-profile-sync.json
  - 99-not-found.json

Server URL: http://0.0.0.0:8080
Health Check: http://0.0.0.0:8080/health

Press Ctrl+C to stop the server
=====================================

[Fri Jun 13 12:43:25 2025] Failed to listen on 0.0.0.0:8080 (reason: Address already in use)
Starting Mock Server...
Host: 0.0.0.0
Port: 8081
Stubs Directory: ./stubs-minimal
Debug Mode: ON
CORS: ENABLED

Loaded 2 stub files:
  - catch-all.json
  - health.json

Server URL: http://0.0.0.0:8081
Health Check: http://0.0.0.0:8081/health

Press Ctrl+C to stop the server
=====================================

[Fri Jun 13 12:46:02 2025] PHP 8.2.28 Development Server (http://0.0.0.0:8081) started
[Fri Jun 13 12:46:10 2025] 127.0.0.1:34476 Accepted
[Fri Jun 13 12:46:10 2025] Mock Server - Request: {"method":"GET","url":"\/health","query":[],"headers":{"host":"localhost:8081","user-agent":"curl\/7.88.1","accept":"*\/*"},"body":"","bodyPatterns":[]}
[Fri Jun 13 12:46:10 2025] 127.0.0.1:34476 Closing
[Fri Jun 13 12:46:14 2025] 127.0.0.1:34486 Accepted
[Fri Jun 13 12:46:14 2025] Mock Server - Request: {"method":"GET","url":"\/any-endpoint","query":[],"headers":{"host":"localhost:8081","user-agent":"curl\/7.88.1","accept":"*\/*"},"body":"","bodyPatterns":[]}
[Fri Jun 13 12:46:14 2025] 127.0.0.1:34486 Closing
Starting Mock Server...
Host: 0.0.0.0
Port: 8080
Stubs Directory: /workspace/social-media-api/api-mock/stubs
Debug Mode: ON
CORS: ENABLED

Loaded 13 stub files:
  - 01-health-check.json
  - 02-auth-register.json
  - 03-auth-login.json
  - 04-auth-logout.json
  - 05-user-profile.json
  - 06-social-profiles-list.json
  - 07-social-profile-create.json
  - 08-social-profile-show.json
  - 09-social-profile-update.json
  - 10-social-profile-delete.json
  - 11-social-profiles-by-platform.json
  - 12-social-profile-sync.json
  - 99-not-found.json

Server URL: http://0.0.0.0:8080
Health Check: http://0.0.0.0:8080/health

Press Ctrl+C to stop the server
=====================================

[Fri Jun 13 12:46:19 2025] Failed to listen on 0.0.0.0:8080 (reason: Address already in use)
